../Core/Src/protoLink.c:16:6:protoLink_Start	8	static
../Core/Src/protoLink.c:21:6:processBuff	16	static,ignoring_inline_asm
../Core/Src/protoLink.c:55:6:processErr	0	static
../Core/Src/protoLink.c:59:6:HAL_UART_RxCpltCallback	8	static
../Core/Src/protoLink.c:79:6:setPeriod	0	static
../Core/Src/protoLink.c:95:6:dataTaking	8	static,ignoring_inline_asm
../Core/Src/protoLink.c:109:6:ADC_transmit	16	static
../Core/Src/protoLink.c:124:6:DAQ_transmit	0	static
../Core/Src/protoLink.c:130:6:DAQ_dummy_transmit	88	static
