tim.c:39:6:MX_TIM1_Init	40	static
tim.c:81:6:MX_TIM2_Init	40	static
tim.c:121:6:MX_TIM3_Init	104	static
tim.c:216:6:MX_TIM5_Init	40	static
tim.c:256:6:MX_TIM20_Init	40	static
tim.c:298:6:HAL_TIM_Base_MspInit	32	static
tim.c:377:6:HAL_TIM_Base_MspDeInit	8	static
tim.c:455:6:HAL_TIM_IC_CaptureCallback	8	static
tim.c:475:9:is_trigger_detected	0	static
tim.c:479:6:clear_trigger_flag	0	static
tim.c:483:10:get_last_trigger_time	0	static
tim.c:487:10:get_trigger_count	0	static
tim.c:490:6:clear_counter	0	static
