../Drivers/CMSIS/Include/core_cm4.h:1679:22:__NVIC_EnableIRQ	16	static,ignoring_inline_asm
../Drivers/CMSIS/Include/core_cm4.h:1717:22:__NVIC_DisableIRQ	16	static,ignoring_inline_asm
../Core/Src/protoLink.c:20:6:protoLink_Start	8	static
../Core/Src/protoLink.c:25:6:processBuff	16	static
../Core/Src/protoLink.c:62:6:processErr	4	static
../Core/Src/protoLink.c:66:6:HAL_UART_RxCpltCallback	24	static
../Core/Src/protoLink.c:86:6:setPeriod	24	static
../Core/Src/protoLink.c:102:6:dataTaking	16	static
../Core/Src/protoLink.c:118:6:ADC_transmit	24	static
../Core/Src/protoLink.c:133:11:DAQ_transmit	16	static
../Core/Src/protoLink.c:141:6:DAQ_dummy_transmit	80	static
